==================================================
Health Advocate ΓÇö Real Connection Tests
==================================================

ΓöÇΓöÇ Gemini API ΓöÇΓöÇΓöÇΓöÇΓöÇΓöÇΓöÇΓöÇΓöÇΓöÇΓöÇΓöÇΓöÇΓöÇΓöÇΓöÇΓöÇΓöÇΓöÇΓöÇΓöÇΓöÇΓöÇΓöÇΓöÇΓöÇΓöÇΓöÇΓöÇ
  [PASS]  GEMINI_API_KEY found in .env
  [FAIL]  Gemini responds to test prompt  ΓÇö 400 INVALID_ARGUMENT. {'error': {'code': 400, 'message': 'API key expired. Pleas

ΓöÇΓöÇ Auth0 Token Vault ΓöÇΓöÇΓöÇΓöÇΓöÇΓöÇΓöÇΓöÇΓöÇΓöÇΓöÇΓöÇΓöÇΓöÇΓöÇΓöÇΓöÇΓöÇΓöÇΓöÇΓöÇΓöÇ
  [PASS]  AUTH0_DOMAIN found in .env
  [FAIL]  VAULT_API_KEY found in .env  ΓÇö Looks like a URL, not a key
  [PASS]  AUTH0_CLIENT_ID found in .env
  [PASS]  Auth0 domain reachable
  [FAIL]  Token Vault API key valid  ΓÇö Skipped ΓÇö key not configured

ΓöÇΓöÇ Google Fit API ΓöÇΓöÇΓöÇΓöÇΓöÇΓöÇΓöÇΓöÇΓöÇΓöÇΓöÇΓöÇΓöÇΓöÇΓöÇΓöÇΓöÇΓöÇΓöÇΓöÇΓöÇΓöÇΓöÇΓöÇΓöÇ
  [FAIL]  GOOGLE_CLIENT_ID found in .env  ΓÇö Add GOOGLE_CLIENT_ID to .env for real Google Fit data
  [PASS]  Google Fitness API endpoint reachable

==================================================
[93mSome checks failed ΓÇö mock mode will be used for missing services.[0m
This is fine for demo. Fix the above to use real data.
==================================================
